vite v6.4.1 building for production...
transforming...
✓ 4 modules transformed.
✗ Build failed in 5m 17s
error during build:
[vite:css] Failed to load PostCSS config (searchPath: /home/user): [Error] Loading PostCSS Plugin failed: It looks like you're trying to use `tailwindcss` directly as a PostCSS plugin. The PostCSS plugin has moved to a separate package, so to continue using Tailwind CSS with PostCSS you'll need to install `@tailwindcss/postcss` and update your PostCSS configuration.

(@/home/user/postcss.config.cjs)
Error: Loading PostCSS Plugin failed: It looks like you're trying to use `tailwindcss` directly as a PostCSS plugin. The PostCSS plugin has moved to a separate package, so to continue using Tailwind CSS with PostCSS you'll need to install `@tailwindcss/postcss` and update your PostCSS configuration.

(@/home/user/postcss.config.cjs)
    at load (file:///home/user/node_modules/vite/dist/node/chunks/dep-D4NMHUTW.js:11776:11)
    at async Promise.all (index 0)
    at async plugins (file:///home/user/node_modules/vite/dist/node/chunks/dep-D4NMHUTW.js:11805:12)
    at async processResult (file:///home/user/node_modules/vite/dist/node/chunks/dep-D4NMHUTW.js:11876:14)
file: /home/user/src/index.css

